<?xml version="1.0" encoding="utf-8"?>
<TestRun id="bf855352-e4ba-4457-8e8c-06c1e1bc9f0d" name="@runnervmlun5p 2026-09-10 15:11:00" xmlns="http://microsoft.com/schemas/VisualStudio/TeamTest/2010">
  <Times creation="2026-09-10T15:11:00.6549717+00:00" queuing="2026-09-10T15:11:00.6549718+00:00" start="2026-09-10T15:10:57.1831400+00:00" finish="2026-09-10T15:11:11.5449632+00:00" />
  <TestSettings name="default" id="1b56cd6c-d06a-48f1-831f-73d6ac9c306a">
    <Deployment runDeploymentRoot="_runnervmlun5p_2026-09-10_15_11_00" />
  </TestSettings>
  <Results>
    <UnitTestResult executionId="7b9232ba-4b2a-4b37-a021-de572d2aa5a1" testId="ab8fd42b-7b99-b778-b40e-37e525318250" testName="ManagerCreateProduct_WithoutLogin_ShouldRedirect" computerName="runnervmlun5p" duration="00:00:00.0597830" startTime="2026-09-10T15:11:09.4989827+00:00" endTime="2026-09-10T15:11:09.5587670+00:00" testType="13cdc9d9-ddb5-4fa4-a97d-d965ccfc6d4b" outcome="Passed" testListId="8c84fa94-04c1-424b-9868-57a2d4851a1d" relativeResultsDirectory="7b9232ba-4b2a-4b37-a021-de572d2aa5a1">
      <Output>
        <StdOut>Loading .env from: /home/runner/work/dawazon-2.0/dawazon-2.0/dawazonPlayWrite/bin/Release/net10.0/test.env
[TEST] BaseUrl being used: http://localhost:5041</StdOut>
      </Output>
    </UnitTestResult>
    <UnitTestResult executionId="daada638-3443-4b3a-87dc-cc975ffd69b4" testId="e00ef048-e33b-38df-ed22-cadcf2ea7284" testName="UserProfile_WithoutLogin_ShouldRedirect" computerName="runnervmlun5p" duration="00:00:00.0536940" startTime="2026-09-10T15:11:11.4118280+00:00" endTime="2026-09-10T15:11:11.4655217+00:00" testType="13cdc9d9-ddb5-4fa4-a97d-d965ccfc6d4b" outcome="Passed" testListId="8c84fa94-04c1-424b-9868-57a2d4851a1d" relativeResultsDirectory="daada638-3443-4b3a-87dc-cc975ffd69b4">
      <Output>
        <StdOut>Loading .env from: /home/runner/work/dawazon-2.0/dawazon-2.0/dawazonPlayWrite/bin/Release/net10.0/test.env
[TEST] BaseUrl being used: http://localhost:5041</StdOut>
      </Output>
    </UnitTestResult>
    <UnitTestResult executionId="f3871d71-a3fe-4811-a0bd-9ccc4323b093" testId="e30f43b3-551e-e0e5-61bc-0cb941689e36" testName="ProductsIndex_LoadPage_ShouldDisplayProducts" computerName="runnervmlun5p" duration="00:00:00.4964110" startTime="2026-09-10T15:11:10.4286696+00:00" endTime="2026-09-10T15:11:10.9250801+00:00" testType="13cdc9d9-ddb5-4fa4-a97d-d965ccfc6d4b" outcome="Passed" testListId="8c84fa94-04c1-424b-9868-57a2d4851a1d" relativeResultsDirectory="f3871d71-a3fe-4811-a0bd-9ccc4323b093">
      <Output>
        <StdOut>Loading .env from: /home/runner/work/dawazon-2.0/dawazon-2.0/dawazonPlayWrite/bin/Release/net10.0/test.env
[TEST] BaseUrl being used: http://localhost:5041</StdOut>
      </Output>
    </UnitTestResult>
    <UnitTestResult executionId="c021c3a4-fead-4d36-88ff-76d71ba7f45e" testId="d61b6bda-66c6-d69a-fc15-70858504d4a7" testName="Cart_Detail_WithoutLogin_ShouldRedirect" computerName="runnervmlun5p" duration="00:00:00.0570750" startTime="2026-09-10T15:11:09.3186975+00:00" endTime="2026-09-10T15:11:09.3757723+00:00" testType="13cdc9d9-ddb5-4fa4-a97d-d965ccfc6d4b" outcome="Passed" testListId="8c84fa94-04c1-424b-9868-57a2d4851a1d" relativeResultsDirectory="c021c3a4-fead-4d36-88ff-76d71ba7f45e">
      <Output>
        <StdOut>Loading .env from: /home/runner/work/dawazon-2.0/dawazon-2.0/dawazonPlayWrite/bin/Release/net10.0/test.env
[TEST] BaseUrl being used: http://localhost:5041</StdOut>
      </Output>
    </UnitTestResult>
    <UnitTestResult executionId="58f78a8c-1882-47ce-b6ef-6835355f45a9" testId="d285dceb-070d-92eb-1e20-f6e20986734b" testName="ManagerSalesEdit_WithoutLogin_ShouldRedirect" computerName="runnervmlun5p" duration="00:00:00.0742200" startTime="2026-09-10T15:11:09.6212664+00:00" endTime="2026-09-10T15:11:09.6954859+00:00" testType="13cdc9d9-ddb5-4fa4-a97d-d965ccfc6d4b" outcome="Passed" testListId="8c84fa94-04c1-424b-9868-57a2d4851a1d" relativeResultsDirectory="58f78a8c-1882-47ce-b6ef-6835355f45a9">
      <Output>
        <StdOut>Loading .env from: /home/runner/work/dawazon-2.0/dawazon-2.0/dawazonPlayWrite/bin/Release/net10.0/test.env
[TEST] BaseUrl being used: http://localhost:5041</StdOut>
      </Output>
    </UnitTestResult>
    <UnitTestResult executionId="cbdcbc18-cc9d-49d1-b064-7ed49e51d2d4" testId="6a40792b-d3e6-facb-ab7e-c4e963497110" testName="Cart_Checkout_WithoutLogin_ShouldRedirect" computerName="runnervmlun5p" duration="00:00:00.0543830" startTime="2026-09-10T15:11:09.2642727+00:00" endTime="2026-09-10T15:11:09.3186557+00:00" testType="13cdc9d9-ddb5-4fa4-a97d-d965ccfc6d4b" outcome="Passed" testListId="8c84fa94-04c1-424b-9868-57a2d4851a1d" relativeResultsDirectory="cbdcbc18-cc9d-49d1-b064-7ed49e51d2d4">
      <Output>
        <StdOut>Loading .env from: /home/runner/work/dawazon-2.0/dawazon-2.0/dawazonPlayWrite/bin/Release/net10.0/test.env
[TEST] BaseUrl being used: http://localhost:5041</StdOut>
      </Output>
    </UnitTestResult>
    <UnitTestResult executionId="c8b99545-45ff-4e9b-938a-3d856f1ee038" testId="9f2c3eba-cc19-e461-73c5-6c68299baa91" testName="ProductsIndex_FilterByCategory_ShouldShowProducts" computerName="runnervmlun5p" duration="00:00:00.1957220" startTime="2026-09-10T15:11:10.2323446+00:00" endTime="2026-09-10T15:11:10.4280663+00:00" testType="13cdc9d9-ddb5-4fa4-a97d-d965ccfc6d4b" outcome="Passed" testListId="8c84fa94-04c1-424b-9868-57a2d4851a1d" relativeResultsDirectory="c8b99545-45ff-4e9b-938a-3d856f1ee038">
      <Output>
        <StdOut>Loading .env from: /home/runner/work/dawazon-2.0/dawazon-2.0/dawazonPlayWrite/bin/Release/net10.0/test.env
[TEST] BaseUrl being used: http://localhost:5041</StdOut>
      </Output>
    </UnitTestResult>
    <UnitTestResult executionId="afc91b3a-f0ba-4517-b88b-a7689e873b27" testId="8607213d-e128-3245-6f17-ad223b090018" testName="ProductsIndex_Pagination_ShouldNavigatePages" computerName="runnervmlun5p" duration="00:00:00.1714060" startTime="2026-09-10T15:11:10.9251522+00:00" endTime="2026-09-10T15:11:11.0965582+00:00" testType="13cdc9d9-ddb5-4fa4-a97d-d965ccfc6d4b" outcome="Passed" testListId="8c84fa94-04c1-424b-9868-57a2d4851a1d" relativeResultsDirectory="afc91b3a-f0ba-4517-b88b-a7689e873b27">
      <Output>
        <StdOut>Loading .env from: /home/runner/work/dawazon-2.0/dawazon-2.0/dawazonPlayWrite/bin/Release/net10.0/test.env
[TEST] BaseUrl being used: http://localhost:5041</StdOut>
      </Output>
    </UnitTestResult>
    <UnitTestResult executionId="aa1389a6-2895-4da1-b3d6-547e703953d9" testId="95ce72f5-923c-f463-6762-f9640331db1a" testName="ProductsDetail_NotFound_ShouldReturn404" computerName="runnervmlun5p" duration="00:00:00.0724380" startTime="2026-09-10T15:11:09.6958085+00:00" endTime="2026-09-10T15:11:09.7682462+00:00" testType="13cdc9d9-ddb5-4fa4-a97d-d965ccfc6d4b" outcome="Passed" testListId="8c84fa94-04c1-424b-9868-57a2d4851a1d" relativeResultsDirectory="aa1389a6-2895-4da1-b3d6-547e703953d9">
      <Output>
        <StdOut>Loading .env from: /home/runner/work/dawazon-2.0/dawazon-2.0/dawazonPlayWrite/bin/Release/net10.0/test.env
[TEST] BaseUrl being used: http://localhost:5041</StdOut>
      </Output>
    </UnitTestResult>
    <UnitTestResult executionId="597aca85-ef31-418a-b4ad-c6539774ad87" testId="311c9255-03a1-2993-633a-5e779d3d303c" testName="Cart_MyOrders_WithoutLogin_ShouldRedirect" computerName="runnervmlun5p" duration="00:00:00.0511420" startTime="2026-09-10T15:11:09.4466896+00:00" endTime="2026-09-10T15:11:09.4978315+00:00" testType="13cdc9d9-ddb5-4fa4-a97d-d965ccfc6d4b" outcome="Passed" testListId="8c84fa94-04c1-424b-9868-57a2d4851a1d" relativeResultsDirectory="597aca85-ef31-418a-b4ad-c6539774ad87">
      <Output>
        <StdOut>Loading .env from: /home/runner/work/dawazon-2.0/dawazon-2.0/dawazonPlayWrite/bin/Release/net10.0/test.env
[TEST] BaseUrl being used: http://localhost:5041</StdOut>
      </Output>
    </UnitTestResult>
    <UnitTestResult executionId="20b0839e-cc60-4949-9fae-81c0c77f6b38" testId="2ee66a69-8b65-c684-a715-b7c6aade60bb" testName="Login_InvalidCredentials_ShouldStayOnLoginPage" computerName="runnervmlun5p" duration="00:00:02.5835130" startTime="2026-09-10T15:11:05.5543944+00:00" endTime="2026-09-10T15:11:08.1379069+00:00" testType="13cdc9d9-ddb5-4fa4-a97d-d965ccfc6d4b" outcome="Passed" testListId="8c84fa94-04c1-424b-9868-57a2d4851a1d" relativeResultsDirectory="20b0839e-cc60-4949-9fae-81c0c77f6b38">
      <Output>
        <StdOut>Loading .env from: /home/runner/work/dawazon-2.0/dawazon-2.0/dawazonPlayWrite/bin/Release/net10.0/test.env
[TEST] BaseUrl being used: http://localhost:5041</StdOut>
      </Output>
    </UnitTestResult>
    <UnitTestResult executionId="3d15fd87-d702-4f30-9ca1-ca100819ab0b" testId="3b4fa356-4815-3d4c-fd93-2ffcdf4aa296" testName="Logout_LoggedInUser_ShouldLogout" computerName="runnervmlun5p" duration="00:00:01.1162450" startTime="2026-09-10T15:11:08.1379533+00:00" endTime="2026-09-10T15:11:09.2541978+00:00" testType="13cdc9d9-ddb5-4fa4-a97d-d965ccfc6d4b" outcome="Passed" testListId="8c84fa94-04c1-424b-9868-57a2d4851a1d" relativeResultsDirectory="3d15fd87-d702-4f30-9ca1-ca100819ab0b">
      <Output>
        <StdOut>Loading .env from: /home/runner/work/dawazon-2.0/dawazon-2.0/dawazonPlayWrite/bin/Release/net10.0/test.env
[TEST] BaseUrl being used: http://localhost:5041

User was not logged in, skipping logout test</StdOut>
      </Output>
    </UnitTestResult>
    <UnitTestResult executionId="91c9840c-562f-4c97-a707-fdf5cffc62ad" testId="31a24877-f7a0-f486-d7aa-7e18aa21c45e" testName="ProductsIndex_SearchByName_ShouldFilterProducts" computerName="runnervmlun5p" duration="00:00:00.1991100" startTime="2026-09-10T15:11:11.0972734+00:00" endTime="2026-09-10T15:11:11.2963831+00:00" testType="13cdc9d9-ddb5-4fa4-a97d-d965ccfc6d4b" outcome="Passed" testListId="8c84fa94-04c1-424b-9868-57a2d4851a1d" relativeResultsDirectory="91c9840c-562f-4c97-a707-fdf5cffc62ad">
      <Output>
        <StdOut>Loading .env from: /home/runner/work/dawazon-2.0/dawazon-2.0/dawazonPlayWrite/bin/Release/net10.0/test.env
[TEST] BaseUrl being used: http://localhost:5041</StdOut>
      </Output>
    </UnitTestResult>
    <UnitTestResult executionId="06cdcc7e-0e18-49be-acff-5c56f68d2f15" testId="efefdf7b-fa77-146f-209e-a6d8c3980b56" testName="ManagerSales_WithoutLogin_ShouldRedirect" computerName="runnervmlun5p" duration="00:00:00.0615970" startTime="2026-09-10T15:11:09.5595617+00:00" endTime="2026-09-10T15:11:09.6211587+00:00" testType="13cdc9d9-ddb5-4fa4-a97d-d965ccfc6d4b" outcome="Passed" testListId="8c84fa94-04c1-424b-9868-57a2d4851a1d" relativeResultsDirectory="06cdcc7e-0e18-49be-acff-5c56f68d2f15">
      <Output>
        <StdOut>Loading .env from: /home/runner/work/dawazon-2.0/dawazon-2.0/dawazonPlayWrite/bin/Release/net10.0/test.env
[TEST] BaseUrl being used: http://localhost:5041</StdOut>
      </Output>
    </UnitTestResult>
    <UnitTestResult executionId="7e26f478-d072-46a9-a2fa-17cfce4cd72b" testId="3c4b36d0-7065-99b0-dd6e-97f246d6e807" testName="AdminSales_WithoutLogin_ShouldRedirect" computerName="runnervmlun5p" duration="00:00:01.4227710" startTime="2026-09-10T15:10:58.3239527+00:00" endTime="2026-09-10T15:10:59.7466236+00:00" testType="13cdc9d9-ddb5-4fa4-a97d-d965ccfc6d4b" outcome="Passed" testListId="8c84fa94-04c1-424b-9868-57a2d4851a1d" relativeResultsDirectory="7e26f478-d072-46a9-a2fa-17cfce4cd72b">
      <Output>
        <StdOut>Loading .env from: /home/runner/work/dawazon-2.0/dawazon-2.0/dawazonPlayWrite/bin/Release/net10.0/test.env
[TEST] BaseUrl being used: http://localhost:5041</StdOut>
      </Output>
    </UnitTestResult>
    <UnitTestResult executionId="1a69f933-3194-47e7-a513-e14d211cc8c0" testId="4d5bd2e4-0bef-1b45-1aba-8c96d1de837a" testName="AdminUsers_AsUser_ShouldBeDenied" computerName="runnervmlun5p" duration="00:00:04.1185120" startTime="2026-09-10T15:11:00.3209896+00:00" endTime="2026-09-10T15:11:04.4395011+00:00" testType="13cdc9d9-ddb5-4fa4-a97d-d965ccfc6d4b" outcome="Passed" testListId="8c84fa94-04c1-424b-9868-57a2d4851a1d" relativeResultsDirectory="1a69f933-3194-47e7-a513-e14d211cc8c0">
      <Output>
        <StdOut>Loading .env from: /home/runner/work/dawazon-2.0/dawazon-2.0/dawazonPlayWrite/bin/Release/net10.0/test.env
[TEST] BaseUrl being used: http://localhost:5041</StdOut>
      </Output>
    </UnitTestResult>
    <UnitTestResult executionId="2c071e95-0768-4c79-b905-e412326f006d" testId="3a5a0cac-843b-4988-a595-6d5089ef5e52" testName="AdminUsers_WithoutLogin_ShouldRedirect" computerName="runnervmlun5p" duration="00:00:00.5558350" startTime="2026-09-10T15:11:04.4395548+00:00" endTime="2026-09-10T15:11:04.9953894+00:00" testType="13cdc9d9-ddb5-4fa4-a97d-d965ccfc6d4b" outcome="Passed" testListId="8c84fa94-04c1-424b-9868-57a2d4851a1d" relativeResultsDirectory="2c071e95-0768-4c79-b905-e412326f006d">
      <Output>
        <StdOut>Loading .env from: /home/runner/work/dawazon-2.0/dawazon-2.0/dawazonPlayWrite/bin/Release/net10.0/test.env
[TEST] BaseUrl being used: http://localhost:5041</StdOut>
      </Output>
    </UnitTestResult>
    <UnitTestResult executionId="c4ddb20f-b926-44af-bcc8-70817d7dac67" testId="46ae0c97-8593-3e17-3b6f-a9b767735a18" testName="AdminStats_WithoutLogin_ShouldRedirect" computerName="runnervmlun5p" duration="00:00:00.5722350" startTime="2026-09-10T15:10:59.7486664+00:00" endTime="2026-09-10T15:11:00.3209010+00:00" testType="13cdc9d9-ddb5-4fa4-a97d-d965ccfc6d4b" outcome="Passed" testListId="8c84fa94-04c1-424b-9868-57a2d4851a1d" relativeResultsDirectory="c4ddb20f-b926-44af-bcc8-70817d7dac67">
      <Output>
        <StdOut>Loading .env from: /home/runner/work/dawazon-2.0/dawazon-2.0/dawazonPlayWrite/bin/Release/net10.0/test.env
[TEST] BaseUrl being used: http://localhost:5041</StdOut>
      </Output>
    </UnitTestResult>
    <UnitTestResult executionId="2d381ec3-56ec-4c82-8465-e0c99430dc53" testId="6b41cd9e-d5df-fd3f-13cd-46b41e2abffa" testName="ProductsDetail_ViewProduct_ShouldShowDetails" computerName="runnervmlun5p" duration="00:00:00.4631970" startTime="2026-09-10T15:11:09.7690435+00:00" endTime="2026-09-10T15:11:10.2322406+00:00" testType="13cdc9d9-ddb5-4fa4-a97d-d965ccfc6d4b" outcome="Passed" testListId="8c84fa94-04c1-424b-9868-57a2d4851a1d" relativeResultsDirectory="2d381ec3-56ec-4c82-8465-e0c99430dc53">
      <Output>
        <StdOut>Loading .env from: /home/runner/work/dawazon-2.0/dawazon-2.0/dawazonPlayWrite/bin/Release/net10.0/test.env
[TEST] BaseUrl being used: http://localhost:5041</StdOut>
      </Output>
    </UnitTestResult>
    <UnitTestResult executionId="f70f502d-dd7b-4a7b-8b0c-ccb785140cfd" testId="20aba26b-90ff-a6ee-380e-4d01bc00cddd" testName="Cart_EmptyCart_ShouldShowEmptyMessage" computerName="runnervmlun5p" duration="00:00:00.0702660" startTime="2026-09-10T15:11:09.3758501+00:00" endTime="2026-09-10T15:11:09.4461155+00:00" testType="13cdc9d9-ddb5-4fa4-a97d-d965ccfc6d4b" outcome="Passed" testListId="8c84fa94-04c1-424b-9868-57a2d4851a1d" relativeResultsDirectory="f70f502d-dd7b-4a7b-8b0c-ccb785140cfd">
      <Output>
        <StdOut>Loading .env from: /home/runner/work/dawazon-2.0/dawazon-2.0/dawazonPlayWrite/bin/Release/net10.0/test.env
[TEST] BaseUrl being used: http://localhost:5041</StdOut>
      </Output>
    </UnitTestResult>
    <UnitTestResult executionId="0b29d459-cd92-4288-bc01-54cacb103452" testId="ba0f5171-7967-aa7b-6061-befac98eda3f" testName="UserEditProfile_WithoutLogin_ShouldRedirect" computerName="runnervmlun5p" duration="00:00:00.0579930" startTime="2026-09-10T15:11:11.2982817+00:00" endTime="2026-09-10T15:11:11.3562745+00:00" testType="13cdc9d9-ddb5-4fa4-a97d-d965ccfc6d4b" outcome="Passed" testListId="8c84fa94-04c1-424b-9868-57a2d4851a1d" relativeResultsDirectory="0b29d459-cd92-4288-bc01-54cacb103452">
      <Output>
        <StdOut>Loading .env from: /home/runner/work/dawazon-2.0/dawazon-2.0/dawazonPlayWrite/bin/Release/net10.0/test.env
[TEST] BaseUrl being used: http://localhost:5041</StdOut>
      </Output>
    </UnitTestResult>
    <UnitTestResult executionId="64123f22-1009-4839-a426-285ffe33601e" testId="9444e3dc-189f-bb6f-2d54-11c17d055cb1" testName="UserFavorites_WithoutLogin_ShouldRedirect" computerName="runnervmlun5p" duration="00:00:00.0548140" startTime="2026-09-10T15:11:11.3563220+00:00" endTime="2026-09-10T15:11:11.4111358+00:00" testType="13cdc9d9-ddb5-4fa4-a97d-d965ccfc6d4b" outcome="Passed" testListId="8c84fa94-04c1-424b-9868-57a2d4851a1d" relativeResultsDirectory="64123f22-1009-4839-a426-285ffe33601e">
      <Output>
        <StdOut>Loading .env from: /home/runner/work/dawazon-2.0/dawazon-2.0/dawazonPlayWrite/bin/Release/net10.0/test.env
[TEST] BaseUrl being used: http://localhost:5041</StdOut>
      </Output>
    </UnitTestResult>
    <UnitTestResult executionId="4a18e0e4-a350-4787-b536-3c988c796fe9" testId="bbe21dd6-c62a-c353-8ef0-ca07b0185387" testName="Login_AccessRestrictedPage_ShouldRedirect" computerName="runnervmlun5p" duration="00:00:00.5538689" startTime="2026-09-10T15:11:05.0004802+00:00" endTime="2026-09-10T15:11:05.5543492+00:00" testType="13cdc9d9-ddb5-4fa4-a97d-d965ccfc6d4b" outcome="Passed" testListId="8c84fa94-04c1-424b-9868-57a2d4851a1d" relativeResultsDirectory="4a18e0e4-a350-4787-b536-3c988c796fe9">
      <Output>
        <StdOut>Loading .env from: /home/runner/work/dawazon-2.0/dawazon-2.0/dawazonPlayWrite/bin/Release/net10.0/test.env
[TEST] BaseUrl being used: http://localhost:5041</StdOut>
      </Output>
    </UnitTestResult>
  </Results>
  <TestDefinitions>
    <UnitTest name="ManagerCreateProduct_WithoutLogin_ShouldRedirect" storage="/home/runner/work/dawazon-2.0/dawazon-2.0/dawazonplaywrite/bin/release/net10.0/dawazonplaywrite.dll" id="ab8fd42b-7b99-b778-b40e-37e525318250">
      <Execution id="7b9232ba-4b2a-4b37-a021-de572d2aa5a1" />
      <TestMethod codeBase="/home/runner/work/dawazon-2.0/dawazon-2.0/dawazonPlayWrite/bin/Release/net10.0/dawazonPlayWrite.dll" adapterTypeName="executor://nunit3testexecutor/" className="dawazonPlayWrite.ManagerTests" name="ManagerCreateProduct_WithoutLogin_ShouldRedirect" />
    </UnitTest>
    <UnitTest name="ProductsIndex_LoadPage_ShouldDisplayProducts" storage="/home/runner/work/dawazon-2.0/dawazon-2.0/dawazonplaywrite/bin/release/net10.0/dawazonplaywrite.dll" id="e30f43b3-551e-e0e5-61bc-0cb941689e36">
      <Execution id="f3871d71-a3fe-4811-a0bd-9ccc4323b093" />
      <TestMethod codeBase="/home/runner/work/dawazon-2.0/dawazon-2.0/dawazonPlayWrite/bin/Release/net10.0/dawazonPlayWrite.dll" adapterTypeName="executor://nunit3testexecutor/" className="dawazonPlayWrite.ProductsTests" name="ProductsIndex_LoadPage_ShouldDisplayProducts" />
    </UnitTest>
    <UnitTest name="ManagerSales_WithoutLogin_ShouldRedirect" storage="/home/runner/work/dawazon-2.0/dawazon-2.0/dawazonplaywrite/bin/release/net10.0/dawazonplaywrite.dll" id="efefdf7b-fa77-146f-209e-a6d8c3980b56">
      <Execution id="06cdcc7e-0e18-49be-acff-5c56f68d2f15" />
      <TestMethod codeBase="/home/runner/work/dawazon-2.0/dawazon-2.0/dawazonPlayWrite/bin/Release/net10.0/dawazonPlayWrite.dll" adapterTypeName="executor://nunit3testexecutor/" className="dawazonPlayWrite.ManagerTests" name="ManagerSales_WithoutLogin_ShouldRedirect" />
    </UnitTest>
    <UnitTest name="UserFavorites_WithoutLogin_ShouldRedirect" storage="/home/runner/work/dawazon-2.0/dawazon-2.0/dawazonplaywrite/bin/release/net10.0/dawazonplaywrite.dll" id="9444e3dc-189f-bb6f-2d54-11c17d055cb1">
      <Execution id="64123f22-1009-4839-a426-285ffe33601e" />
      <TestMethod codeBase="/home/runner/work/dawazon-2.0/dawazon-2.0/dawazonPlayWrite/bin/Release/net10.0/dawazonPlayWrite.dll" adapterTypeName="executor://nunit3testexecutor/" className="dawazonPlayWrite.UserTests" name="UserFavorites_WithoutLogin_ShouldRedirect" />
    </UnitTest>
    <UnitTest name="ProductsIndex_SearchByName_ShouldFilterProducts" storage="/home/runner/work/dawazon-2.0/dawazon-2.0/dawazonplaywrite/bin/release/net10.0/dawazonplaywrite.dll" id="31a24877-f7a0-f486-d7aa-7e18aa21c45e">
      <Execution id="91c9840c-562f-4c97-a707-fdf5cffc62ad" />
      <TestMethod codeBase="/home/runner/work/dawazon-2.0/dawazon-2.0/dawazonPlayWrite/bin/Release/net10.0/dawazonPlayWrite.dll" adapterTypeName="executor://nunit3testexecutor/" className="dawazonPlayWrite.ProductsTests" name="ProductsIndex_SearchByName_ShouldFilterProducts" />
    </UnitTest>
    <UnitTest name="ProductsIndex_Pagination_ShouldNavigatePages" storage="/home/runner/work/dawazon-2.0/dawazon-2.0/dawazonplaywrite/bin/release/net10.0/dawazonplaywrite.dll" id="8607213d-e128-3245-6f17-ad223b090018">
      <Execution id="afc91b3a-f0ba-4517-b88b-a7689e873b27" />
      <TestMethod codeBase="/home/runner/work/dawazon-2.0/dawazon-2.0/dawazonPlayWrite/bin/Release/net10.0/dawazonPlayWrite.dll" adapterTypeName="executor://nunit3testexecutor/" className="dawazonPlayWrite.ProductsTests" name="ProductsIndex_Pagination_ShouldNavigatePages" />
    </UnitTest>
    <UnitTest name="Cart_MyOrders_WithoutLogin_ShouldRedirect" storage="/home/runner/work/dawazon-2.0/dawazon-2.0/dawazonplaywrite/bin/release/net10.0/dawazonplaywrite.dll" id="311c9255-03a1-2993-633a-5e779d3d303c">
      <Execution id="597aca85-ef31-418a-b4ad-c6539774ad87" />
      <TestMethod codeBase="/home/runner/work/dawazon-2.0/dawazon-2.0/dawazonPlayWrite/bin/Release/net10.0/dawazonPlayWrite.dll" adapterTypeName="executor://nunit3testexecutor/" className="dawazonPlayWrite.CartTests" name="Cart_MyOrders_WithoutLogin_ShouldRedirect" />
    </UnitTest>
    <UnitTest name="AdminUsers_AsUser_ShouldBeDenied" storage="/home/runner/work/dawazon-2.0/dawazon-2.0/dawazonplaywrite/bin/release/net10.0/dawazonplaywrite.dll" id="4d5bd2e4-0bef-1b45-1aba-8c96d1de837a">
      <Execution id="1a69f933-3194-47e7-a513-e14d211cc8c0" />
      <TestMethod codeBase="/home/runner/work/dawazon-2.0/dawazon-2.0/dawazonPlayWrite/bin/Release/net10.0/dawazonPlayWrite.dll" adapterTypeName="executor://nunit3testexecutor/" className="dawazonPlayWrite.AdminTests" name="AdminUsers_AsUser_ShouldBeDenied" />
    </UnitTest>
    <UnitTest name="UserProfile_WithoutLogin_ShouldRedirect" storage="/home/runner/work/dawazon-2.0/dawazon-2.0/dawazonplaywrite/bin/release/net10.0/dawazonplaywrite.dll" id="e00ef048-e33b-38df-ed22-cadcf2ea7284">
      <Execution id="daada638-3443-4b3a-87dc-cc975ffd69b4" />
      <TestMethod codeBase="/home/runner/work/dawazon-2.0/dawazon-2.0/dawazonPlayWrite/bin/Release/net10.0/dawazonPlayWrite.dll" adapterTypeName="executor://nunit3testexecutor/" className="dawazonPlayWrite.UserTests" name="UserProfile_WithoutLogin_ShouldRedirect" />
    </UnitTest>
    <UnitTest name="Logout_LoggedInUser_ShouldLogout" storage="/home/runner/work/dawazon-2.0/dawazon-2.0/dawazonplaywrite/bin/release/net10.0/dawazonplaywrite.dll" id="3b4fa356-4815-3d4c-fd93-2ffcdf4aa296">
      <Execution id="3d15fd87-d702-4f30-9ca1-ca100819ab0b" />
      <TestMethod codeBase="/home/runner/work/dawazon-2.0/dawazon-2.0/dawazonPlayWrite/bin/Release/net10.0/dawazonPlayWrite.dll" adapterTypeName="executor://nunit3testexecutor/" className="dawazonPlayWrite.AuthTests" name="Logout_LoggedInUser_ShouldLogout" />
    </UnitTest>
    <UnitTest name="ProductsDetail_NotFound_ShouldReturn404" storage="/home/runner/work/dawazon-2.0/dawazon-2.0/dawazonplaywrite/bin/release/net10.0/dawazonplaywrite.dll" id="95ce72f5-923c-f463-6762-f9640331db1a">
      <Execution id="aa1389a6-2895-4da1-b3d6-547e703953d9" />
      <TestMethod codeBase="/home/runner/work/dawazon-2.0/dawazon-2.0/dawazonPlayWrite/bin/Release/net10.0/dawazonPlayWrite.dll" adapterTypeName="executor://nunit3testexecutor/" className="dawazonPlayWrite.ProductsTests" name="ProductsDetail_NotFound_ShouldReturn404" />
    </UnitTest>
    <UnitTest name="AdminSales_WithoutLogin_ShouldRedirect" storage="/home/runner/work/dawazon-2.0/dawazon-2.0/dawazonplaywrite/bin/release/net10.0/dawazonplaywrite.dll" id="3c4b36d0-7065-99b0-dd6e-97f246d6e807">
      <Execution id="7e26f478-d072-46a9-a2fa-17cfce4cd72b" />
      <TestMethod codeBase="/home/runner/work/dawazon-2.0/dawazon-2.0/dawazonPlayWrite/bin/Release/net10.0/dawazonPlayWrite.dll" adapterTypeName="executor://nunit3testexecutor/" className="dawazonPlayWrite.AdminTests" name="AdminSales_WithoutLogin_ShouldRedirect" />
    </UnitTest>
    <UnitTest name="AdminStats_WithoutLogin_ShouldRedirect" storage="/home/runner/work/dawazon-2.0/dawazon-2.0/dawazonplaywrite/bin/release/net10.0/dawazonplaywrite.dll" id="46ae0c97-8593-3e17-3b6f-a9b767735a18">
      <Execution id="c4ddb20f-b926-44af-bcc8-70817d7dac67" />
      <TestMethod codeBase="/home/runner/work/dawazon-2.0/dawazon-2.0/dawazonPlayWrite/bin/Release/net10.0/dawazonPlayWrite.dll" adapterTypeName="executor://nunit3testexecutor/" className="dawazonPlayWrite.AdminTests" name="AdminStats_WithoutLogin_ShouldRedirect" />
    </UnitTest>
    <UnitTest name="UserEditProfile_WithoutLogin_ShouldRedirect" storage="/home/runner/work/dawazon-2.0/dawazon-2.0/dawazonplaywrite/bin/release/net10.0/dawazonplaywrite.dll" id="ba0f5171-7967-aa7b-6061-befac98eda3f">
      <Execution id="0b29d459-cd92-4288-bc01-54cacb103452" />
      <TestMethod codeBase="/home/runner/work/dawazon-2.0/dawazon-2.0/dawazonPlayWrite/bin/Release/net10.0/dawazonPlayWrite.dll" adapterTypeName="executor://nunit3testexecutor/" className="dawazonPlayWrite.UserTests" name="UserEditProfile_WithoutLogin_ShouldRedirect" />
    </UnitTest>
    <UnitTest name="ManagerSalesEdit_WithoutLogin_ShouldRedirect" storage="/home/runner/work/dawazon-2.0/dawazon-2.0/dawazonplaywrite/bin/release/net10.0/dawazonplaywrite.dll" id="d285dceb-070d-92eb-1e20-f6e20986734b">
      <Execution id="58f78a8c-1882-47ce-b6ef-6835355f45a9" />
      <TestMethod codeBase="/home/runner/work/dawazon-2.0/dawazon-2.0/dawazonPlayWrite/bin/Release/net10.0/dawazonPlayWrite.dll" adapterTypeName="executor://nunit3testexecutor/" className="dawazonPlayWrite.ManagerTests" name="ManagerSalesEdit_WithoutLogin_ShouldRedirect" />
    </UnitTest>
    <UnitTest name="ProductsDetail_ViewProduct_ShouldShowDetails" storage="/home/runner/work/dawazon-2.0/dawazon-2.0/dawazonplaywrite/bin/release/net10.0/dawazonplaywrite.dll" id="6b41cd9e-d5df-fd3f-13cd-46b41e2abffa">
      <Execution id="2d381ec3-56ec-4c82-8465-e0c99430dc53" />
      <TestMethod codeBase="/home/runner/work/dawazon-2.0/dawazon-2.0/dawazonPlayWrite/bin/Release/net10.0/dawazonPlayWrite.dll" adapterTypeName="executor://nunit3testexecutor/" className="dawazonPlayWrite.ProductsTests" name="ProductsDetail_ViewProduct_ShouldShowDetails" />
    </UnitTest>
    <UnitTest name="Cart_Detail_WithoutLogin_ShouldRedirect" storage="/home/runner/work/dawazon-2.0/dawazon-2.0/dawazonplaywrite/bin/release/net10.0/dawazonplaywrite.dll" id="d61b6bda-66c6-d69a-fc15-70858504d4a7">
      <Execution id="c021c3a4-fead-4d36-88ff-76d71ba7f45e" />
      <TestMethod codeBase="/home/runner/work/dawazon-2.0/dawazon-2.0/dawazonPlayWrite/bin/Release/net10.0/dawazonPlayWrite.dll" adapterTypeName="executor://nunit3testexecutor/" className="dawazonPlayWrite.CartTests" name="Cart_Detail_WithoutLogin_ShouldRedirect" />
    </UnitTest>
    <UnitTest name="AdminUsers_WithoutLogin_ShouldRedirect" storage="/home/runner/work/dawazon-2.0/dawazon-2.0/dawazonplaywrite/bin/release/net10.0/dawazonplaywrite.dll" id="3a5a0cac-843b-4988-a595-6d5089ef5e52">
      <Execution id="2c071e95-0768-4c79-b905-e412326f006d" />
      <TestMethod codeBase="/home/runner/work/dawazon-2.0/dawazon-2.0/dawazonPlayWrite/bin/Release/net10.0/dawazonPlayWrite.dll" adapterTypeName="executor://nunit3testexecutor/" className="dawazonPlayWrite.AdminTests" name="AdminUsers_WithoutLogin_ShouldRedirect" />
    </UnitTest>
    <UnitTest name="ProductsIndex_FilterByCategory_ShouldShowProducts" storage="/home/runner/work/dawazon-2.0/dawazon-2.0/dawazonplaywrite/bin/release/net10.0/dawazonplaywrite.dll" id="9f2c3eba-cc19-e461-73c5-6c68299baa91">
      <Execution id="c8b99545-45ff-4e9b-938a-3d856f1ee038" />
      <TestMethod codeBase="/home/runner/work/dawazon-2.0/dawazon-2.0/dawazonPlayWrite/bin/Release/net10.0/dawazonPlayWrite.dll" adapterTypeName="executor://nunit3testexecutor/" className="dawazonPlayWrite.ProductsTests" name="ProductsIndex_FilterByCategory_ShouldShowProducts" />
    </UnitTest>
    <UnitTest name="Cart_EmptyCart_ShouldShowEmptyMessage" storage="/home/runner/work/dawazon-2.0/dawazon-2.0/dawazonplaywrite/bin/release/net10.0/dawazonplaywrite.dll" id="20aba26b-90ff-a6ee-380e-4d01bc00cddd">
      <Execution id="f70f502d-dd7b-4a7b-8b0c-ccb785140cfd" />
      <TestMethod codeBase="/home/runner/work/dawazon-2.0/dawazon-2.0/dawazonPlayWrite/bin/Release/net10.0/dawazonPlayWrite.dll" adapterTypeName="executor://nunit3testexecutor/" className="dawazonPlayWrite.CartTests" name="Cart_EmptyCart_ShouldShowEmptyMessage" />
    </UnitTest>
    <UnitTest name="Cart_Checkout_WithoutLogin_ShouldRedirect" storage="/home/runner/work/dawazon-2.0/dawazon-2.0/dawazonplaywrite/bin/release/net10.0/dawazonplaywrite.dll" id="6a40792b-d3e6-facb-ab7e-c4e963497110">
      <Execution id="cbdcbc18-cc9d-49d1-b064-7ed49e51d2d4" />
      <TestMethod codeBase="/home/runner/work/dawazon-2.0/dawazon-2.0/dawazonPlayWrite/bin/Release/net10.0/dawazonPlayWrite.dll" adapterTypeName="executor://nunit3testexecutor/" className="dawazonPlayWrite.CartTests" name="Cart_Checkout_WithoutLogin_ShouldRedirect" />
    </UnitTest>
    <UnitTest name="Login_AccessRestrictedPage_ShouldRedirect" storage="/home/runner/work/dawazon-2.0/dawazon-2.0/dawazonplaywrite/bin/release/net10.0/dawazonplaywrite.dll" id="bbe21dd6-c62a-c353-8ef0-ca07b0185387">
      <Execution id="4a18e0e4-a350-4787-b536-3c988c796fe9" />
      <TestMethod codeBase="/home/runner/work/dawazon-2.0/dawazon-2.0/dawazonPlayWrite/bin/Release/net10.0/dawazonPlayWrite.dll" adapterTypeName="executor://nunit3testexecutor/" className="dawazonPlayWrite.AuthTests" name="Login_AccessRestrictedPage_ShouldRedirect" />
    </UnitTest>
    <UnitTest name="Login_InvalidCredentials_ShouldStayOnLoginPage" storage="/home/runner/work/dawazon-2.0/dawazon-2.0/dawazonplaywrite/bin/release/net10.0/dawazonplaywrite.dll" id="2ee66a69-8b65-c684-a715-b7c6aade60bb">
      <Execution id="20b0839e-cc60-4949-9fae-81c0c77f6b38" />
      <TestMethod codeBase="/home/runner/work/dawazon-2.0/dawazon-2.0/dawazonPlayWrite/bin/Release/net10.0/dawazonPlayWrite.dll" adapterTypeName="executor://nunit3testexecutor/" className="dawazonPlayWrite.AuthTests" name="Login_InvalidCredentials_ShouldStayOnLoginPage" />
    </UnitTest>
  </TestDefinitions>
  <TestEntries>
    <TestEntry testId="ab8fd42b-7b99-b778-b40e-37e525318250" executionId="7b9232ba-4b2a-4b37-a021-de572d2aa5a1" testListId="8c84fa94-04c1-424b-9868-57a2d4851a1d" />
    <TestEntry testId="e00ef048-e33b-38df-ed22-cadcf2ea7284" executionId="daada638-3443-4b3a-87dc-cc975ffd69b4" testListId="8c84fa94-04c1-424b-9868-57a2d4851a1d" />
    <TestEntry testId="e30f43b3-551e-e0e5-61bc-0cb941689e36" executionId="f3871d71-a3fe-4811-a0bd-9ccc4323b093" testListId="8c84fa94-04c1-424b-9868-57a2d4851a1d" />
    <TestEntry testId="d61b6bda-66c6-d69a-fc15-70858504d4a7" executionId="c021c3a4-fead-4d36-88ff-76d71ba7f45e" testListId="8c84fa94-04c1-424b-9868-57a2d4851a1d" />
    <TestEntry testId="d285dceb-070d-92eb-1e20-f6e20986734b" executionId="58f78a8c-1882-47ce-b6ef-6835355f45a9" testListId="8c84fa94-04c1-424b-9868-57a2d4851a1d" />
    <TestEntry testId="6a40792b-d3e6-facb-ab7e-c4e963497110" executionId="cbdcbc18-cc9d-49d1-b064-7ed49e51d2d4" testListId="8c84fa94-04c1-424b-9868-57a2d4851a1d" />
    <TestEntry testId="9f2c3eba-cc19-e461-73c5-6c68299baa91" executionId="c8b99545-45ff-4e9b-938a-3d856f1ee038" testListId="8c84fa94-04c1-424b-9868-57a2d4851a1d" />
    <TestEntry testId="8607213d-e128-3245-6f17-ad223b090018" executionId="afc91b3a-f0ba-4517-b88b-a7689e873b27" testListId="8c84fa94-04c1-424b-9868-57a2d4851a1d" />
    <TestEntry testId="95ce72f5-923c-f463-6762-f9640331db1a" executionId="aa1389a6-2895-4da1-b3d6-547e703953d9" testListId="8c84fa94-04c1-424b-9868-57a2d4851a1d" />
    <TestEntry testId="311c9255-03a1-2993-633a-5e779d3d303c" executionId="597aca85-ef31-418a-b4ad-c6539774ad87" testListId="8c84fa94-04c1-424b-9868-57a2d4851a1d" />
    <TestEntry testId="2ee66a69-8b65-c684-a715-b7c6aade60bb" executionId="20b0839e-cc60-4949-9fae-81c0c77f6b38" testListId="8c84fa94-04c1-424b-9868-57a2d4851a1d" />
    <TestEntry testId="3b4fa356-4815-3d4c-fd93-2ffcdf4aa296" executionId="3d15fd87-d702-4f30-9ca1-ca100819ab0b" testListId="8c84fa94-04c1-424b-9868-57a2d4851a1d" />
    <TestEntry testId="31a24877-f7a0-f486-d7aa-7e18aa21c45e" executionId="91c9840c-562f-4c97-a707-fdf5cffc62ad" testListId="8c84fa94-04c1-424b-9868-57a2d4851a1d" />
    <TestEntry testId="efefdf7b-fa77-146f-209e-a6d8c3980b56" executionId="06cdcc7e-0e18-49be-acff-5c56f68d2f15" testListId="8c84fa94-04c1-424b-9868-57a2d4851a1d" />
    <TestEntry testId="3c4b36d0-7065-99b0-dd6e-97f246d6e807" executionId="7e26f478-d072-46a9-a2fa-17cfce4cd72b" testListId="8c84fa94-04c1-424b-9868-57a2d4851a1d" />
    <TestEntry testId="4d5bd2e4-0bef-1b45-1aba-8c96d1de837a" executionId="1a69f933-3194-47e7-a513-e14d211cc8c0" testListId="8c84fa94-04c1-424b-9868-57a2d4851a1d" />
    <TestEntry testId="3a5a0cac-843b-4988-a595-6d5089ef5e52" executionId="2c071e95-0768-4c79-b905-e412326f006d" testListId="8c84fa94-04c1-424b-9868-57a2d4851a1d" />
    <TestEntry testId="46ae0c97-8593-3e17-3b6f-a9b767735a18" executionId="c4ddb20f-b926-44af-bcc8-70817d7dac67" testListId="8c84fa94-04c1-424b-9868-57a2d4851a1d" />
    <TestEntry testId="6b41cd9e-d5df-fd3f-13cd-46b41e2abffa" executionId="2d381ec3-56ec-4c82-8465-e0c99430dc53" testListId="8c84fa94-04c1-424b-9868-57a2d4851a1d" />
    <TestEntry testId="20aba26b-90ff-a6ee-380e-4d01bc00cddd" executionId="f70f502d-dd7b-4a7b-8b0c-ccb785140cfd" testListId="8c84fa94-04c1-424b-9868-57a2d4851a1d" />
    <TestEntry testId="ba0f5171-7967-aa7b-6061-befac98eda3f" executionId="0b29d459-cd92-4288-bc01-54cacb103452" testListId="8c84fa94-04c1-424b-9868-57a2d4851a1d" />
    <TestEntry testId="9444e3dc-189f-bb6f-2d54-11c17d055cb1" executionId="64123f22-1009-4839-a426-285ffe33601e" testListId="8c84fa94-04c1-424b-9868-57a2d4851a1d" />
    <TestEntry testId="bbe21dd6-c62a-c353-8ef0-ca07b0185387" executionId="4a18e0e4-a350-4787-b536-3c988c796fe9" testListId="8c84fa94-04c1-424b-9868-57a2d4851a1d" />
  </TestEntries>
  <TestLists>
    <TestList name="Results Not in a List" id="8c84fa94-04c1-424b-9868-57a2d4851a1d" />
    <TestList name="All Loaded Results" id="19431567-8539-422a-85d7-44ee4e166bda" />
  </TestLists>
  <ResultSummary outcome="Completed">
    <Counters total="23" executed="23" passed="23" failed="0" error="0" timeout="0" aborted="0" inconclusive="0" passedButRunAborted="0" notRunnable="0" notExecuted="0" disconnected="0" warning="0" completed="0" inProgress="0" pending="0" />
    <Output>
      <StdOut>NUnit Adapter 5.0.0.0: Test execution started
Running all tests in /home/runner/work/dawazon-2.0/dawazon-2.0/dawazonPlayWrite/bin/Release/net10.0/dawazonPlayWrite.dll
   NUnit3TestExecutor discovered 23 of 23 NUnit test cases using Current Discovery mode, Non-Explicit run
Loading .env from: /home/runner/work/dawazon-2.0/dawazon-2.0/dawazonPlayWrite/bin/Release/net10.0/test.env
[TEST] BaseUrl being used: http://localhost:5041

Loading .env from: /home/runner/work/dawazon-2.0/dawazon-2.0/dawazonPlayWrite/bin/Release/net10.0/test.env
[TEST] BaseUrl being used: http://localhost:5041

Loading .env from: /home/runner/work/dawazon-2.0/dawazon-2.0/dawazonPlayWrite/bin/Release/net10.0/test.env
[TEST] BaseUrl being used: http://localhost:5041

Loading .env from: /home/runner/work/dawazon-2.0/dawazon-2.0/dawazonPlayWrite/bin/Release/net10.0/test.env
[TEST] BaseUrl being used: http://localhost:5041

Loading .env from: /home/runner/work/dawazon-2.0/dawazon-2.0/dawazonPlayWrite/bin/Release/net10.0/test.env
[TEST] BaseUrl being used: http://localhost:5041

Loading .env from: /home/runner/work/dawazon-2.0/dawazon-2.0/dawazonPlayWrite/bin/Release/net10.0/test.env
[TEST] BaseUrl being used: http://localhost:5041

Loading .env from: /home/runner/work/dawazon-2.0/dawazon-2.0/dawazonPlayWrite/bin/Release/net10.0/test.env
[TEST] BaseUrl being used: http://localhost:5041

Logout_LoggedInUser_ShouldLogout: User was not logged in, skipping logout test
Loading .env from: /home/runner/work/dawazon-2.0/dawazon-2.0/dawazonPlayWrite/bin/Release/net10.0/test.env
[TEST] BaseUrl being used: http://localhost:5041

Loading .env from: /home/runner/work/dawazon-2.0/dawazon-2.0/dawazonPlayWrite/bin/Release/net10.0/test.env
[TEST] BaseUrl being used: http://localhost:5041

Loading .env from: /home/runner/work/dawazon-2.0/dawazon-2.0/dawazonPlayWrite/bin/Release/net10.0/test.env
[TEST] BaseUrl being used: http://localhost:5041

Loading .env from: /home/runner/work/dawazon-2.0/dawazon-2.0/dawazonPlayWrite/bin/Release/net10.0/test.env
[TEST] BaseUrl being used: http://localhost:5041

Loading .env from: /home/runner/work/dawazon-2.0/dawazon-2.0/dawazonPlayWrite/bin/Release/net10.0/test.env
[TEST] BaseUrl being used: http://localhost:5041

Loading .env from: /home/runner/work/dawazon-2.0/dawazon-2.0/dawazonPlayWrite/bin/Release/net10.0/test.env
[TEST] BaseUrl being used: http://localhost:5041

Loading .env from: /home/runner/work/dawazon-2.0/dawazon-2.0/dawazonPlayWrite/bin/Release/net10.0/test.env
[TEST] BaseUrl being used: http://localhost:5041

Loading .env from: /home/runner/work/dawazon-2.0/dawazon-2.0/dawazonPlayWrite/bin/Release/net10.0/test.env
[TEST] BaseUrl being used: http://localhost:5041

Loading .env from: /home/runner/work/dawazon-2.0/dawazon-2.0/dawazonPlayWrite/bin/Release/net10.0/test.env
[TEST] BaseUrl being used: http://localhost:5041

Loading .env from: /home/runner/work/dawazon-2.0/dawazon-2.0/dawazonPlayWrite/bin/Release/net10.0/test.env
[TEST] BaseUrl being used: http://localhost:5041

Loading .env from: /home/runner/work/dawazon-2.0/dawazon-2.0/dawazonPlayWrite/bin/Release/net10.0/test.env
[TEST] BaseUrl being used: http://localhost:5041

Loading .env from: /home/runner/work/dawazon-2.0/dawazon-2.0/dawazonPlayWrite/bin/Release/net10.0/test.env
[TEST] BaseUrl being used: http://localhost:5041

Loading .env from: /home/runner/work/dawazon-2.0/dawazon-2.0/dawazonPlayWrite/bin/Release/net10.0/test.env
[TEST] BaseUrl being used: http://localhost:5041

Loading .env from: /home/runner/work/dawazon-2.0/dawazon-2.0/dawazonPlayWrite/bin/Release/net10.0/test.env
[TEST] BaseUrl being used: http://localhost:5041

Loading .env from: /home/runner/work/dawazon-2.0/dawazon-2.0/dawazonPlayWrite/bin/Release/net10.0/test.env
[TEST] BaseUrl being used: http://localhost:5041

Loading .env from: /home/runner/work/dawazon-2.0/dawazon-2.0/dawazonPlayWrite/bin/Release/net10.0/test.env
[TEST] BaseUrl being used: http://localhost:5041

NUnit Adapter 5.0.0.0: Test execution complete
</StdOut>
    </Output>
  </ResultSummary>
</TestRun>